  Determining projects to restore...
  All projects are up-to-date for restore.
  HoboModPlugin -> c:\Users\User\OneDrive\Dokumente\HoboModFramework_v1.1\4_Complete_Project_Source\Source\HoboModFramework\bin\Release\net6.0\HoboModPlugin.dll

Build succeeded.
    0 Warning(s)
    0 Error(s)

Time Elapsed 00:00:01.83
